Godot Engine v4.7.2.stable.official.ed1daf0bf - https://godotengine.org

[maze] seed=7 path=29 holes=10 lights=5
DRESSING {"emotional":1,"papers":35,"pillars":38,"scatter":115,"stacks":9,"walls":33}
DRESSING {"emotional":1,"papers":35,"pillars":38,"scatter":115,"stacks":9,"walls":33}
[maze] seed=7 path=29 holes=10 lights=5
LAYOUTTEST {"budgets":true,"counts":{"emotional":1,"papers":35,"pillars":38,"scatter":115,"stacks":9,"walls":33},"equal":true,"holes":"[(3, 9), (0, 3), (3, 11), (2, 11), (1, 6), (0, 9), (2, 8), (0, 11), (0, 8), (1, 10)]","note_emission":true,"path":"[(0, 0), (0, 1), (0, 2), (1, 2), (1, 1), (1, 0), (2, 0), (3, 0), (3, 1), (2, 1), (2, 2), (3, 2), (3, 3), (2, 3), (1, 3), (1, 4), (1, 5), (0, 5), (0, 6), (0, 7), (1, 7), (1, 8), (1, 9), (2, 9), (3, 9), (4, 9), (4, 10), (4, 11), (5, 11)]","regenerated_equal":true,"rng_unchanged":true,"seed":7,"wall_envelopes":true}
[maze] seed=123 path=23 holes=18 lights=5
DRESSING {"emotional":2,"papers":31,"pillars":40,"scatter":103,"stacks":11,"walls":38}
DRESSING {"emotional":2,"papers":31,"pillars":40,"scatter":103,"stacks":11,"walls":38}
[maze] seed=123 path=23 holes=18 lights=5
LAYOUTTEST {"budgets":true,"counts":{"emotional":2,"papers":31,"pillars":40,"scatter":103,"stacks":11,"walls":38},"equal":true,"holes":"[(1, 11), (3, 9), (5, 7), (2, 10), (0, 8), (4, 0), (2, 0), (3, 1), (5, 8), (5, 4), (1, 2), (0, 9), (2, 7), (0, 11), (3, 3), (5, 10), (0, 10), (3, 8)]","note_emission":true,"path":"[(0, 0), (1, 0), (1, 1), (0, 1), (0, 2), (0, 3), (0, 4), (0, 5), (0, 6), (0, 7), (1, 7), (1, 8), (2, 8), (2, 9), (1, 9), (1, 10), (1, 11), (2, 11), (3, 11), (3, 10), (4, 10), (4, 11), (5, 11)]","regenerated_equal":true,"rng_unchanged":true,"seed":123,"wall_envelopes":true}
[maze] seed=4242 path=19 holes=9 lights=5
DRESSING {"emotional":2,"papers":37,"pillars":37,"scatter":93,"stacks":6,"walls":31}
DRESSING {"emotional":2,"papers":37,"pillars":37,"scatter":93,"stacks":6,"walls":31}
[maze] seed=4242 path=19 holes=9 lights=5
LAYOUTTEST {"budgets":true,"counts":{"emotional":2,"papers":37,"pillars":37,"scatter":93,"stacks":6,"walls":31},"equal":true,"holes":"[(5, 9), (5, 4), (0, 9), (1, 3), (2, 8), (5, 3), (4, 0), (1, 7), (3, 10)]","note_emission":true,"path":"[(0, 0), (1, 0), (2, 0), (3, 0), (3, 1), (4, 1), (5, 1), (5, 2), (4, 2), (4, 3), (4, 4), (4, 5), (5, 5), (5, 6), (5, 7), (5, 8), (5, 9), (5, 10), (5, 11)]","regenerated_equal":true,"rng_unchanged":true,"seed":4242,"wall_envelopes":true}
[maze] seed=0 path=25 holes=13 lights=5
DRESSING {"emotional":2,"papers":25,"pillars":37,"scatter":102,"stacks":7,"walls":35}
DRESSING {"emotional":2,"papers":25,"pillars":37,"scatter":102,"stacks":7,"walls":35}
[maze] seed=0 path=25 holes=13 lights=5
LAYOUTTEST {"budgets":true,"counts":{"emotional":2,"papers":25,"pillars":37,"scatter":102,"stacks":7,"walls":35},"equal":true,"holes":"[(4, 11), (3, 4), (5, 10), (0, 11), (2, 0), (3, 0), (1, 11), (0, 10), (2, 1), (4, 5), (1, 1), (2, 8), (1, 0)]","note_emission":true,"path":"[(0, 0), (0, 1), (0, 2), (1, 2), (2, 2), (3, 2), (4, 2), (4, 1), (4, 0), (5, 0), (5, 1), (5, 2), (5, 3), (5, 4), (5, 5), (5, 6), (4, 6), (4, 7), (5, 7), (5, 8), (5, 9), (4, 9), (4, 10), (4, 11), (5, 11)]","regenerated_equal":true,"rng_unchanged":true,"seed":0,"wall_envelopes":true}
[maze] seed=22 path=27 holes=15 lights=5
DRESSING {"emotional":1,"papers":25,"pillars":37,"scatter":98,"stacks":9,"walls":35}
DRESSING {"emotional":1,"papers":25,"pillars":37,"scatter":98,"stacks":9,"walls":35}
[maze] seed=22 path=27 holes=15 lights=5
LAYOUTTEST {"budgets":true,"counts":{"emotional":1,"papers":25,"pillars":37,"scatter":98,"stacks":9,"walls":35},"equal":true,"holes":"[(3, 5), (1, 1), (4, 2), (3, 10), (0, 8), (4, 3), (2, 9), (1, 10), (1, 9), (0, 10), (0, 9), (0, 11), (4, 9), (4, 10), (2, 3)]","note_emission":true,"path":"[(0, 0), (1, 0), (2, 0), (2, 1), (3, 1), (3, 2), (3, 3), (3, 4), (2, 4), (2, 5), (2, 6), (2, 7), (3, 7), (3, 6), (3, 5), (4, 5), (4, 4), (5, 4), (5, 5), (5, 6), (4, 6), (4, 7), (5, 7), (5, 8), (5, 9), (5, 10), (5, 11)]","regenerated_equal":true,"rng_unchanged":true,"seed":22,"wall_envelopes":true}
[maze] seed=49 path=27 holes=11 lights=5
DRESSING {"emotional":1,"papers":39,"pillars":36,"scatter":122,"stacks":13,"walls":36}
DRESSING {"emotional":1,"papers":39,"pillars":36,"scatter":122,"stacks":13,"walls":36}
[maze] seed=49 path=27 holes=11 lights=5
LAYOUTTEST {"budgets":true,"counts":{"emotional":1,"papers":39,"pillars":36,"scatter":122,"stacks":13,"walls":36},"equal":true,"holes":"[(3, 11), (1, 1), (0, 11), (2, 9), (4, 5), (1, 5), (2, 10), (2, 6), (1, 4), (1, 2), (3, 0)]","note_emission":true,"path":"[(0, 0), (1, 0), (2, 0), (2, 1), (2, 2), (3, 2), (3, 3), (4, 3), (4, 4), (3, 4), (2, 4), (2, 5), (3, 5), (3, 6), (4, 6), (4, 7), (3, 7), (3, 8), (4, 8), (4, 9), (3, 9), (3, 10), (3, 11), (4, 11), (4, 10), (5, 10), (5, 11)]","regenerated_equal":true,"rng_unchanged":true,"seed":49,"wall_envelopes":true}
